error: fixcol-derive error: Could not read config from path style attribute.

       Expected parameters like #[fixed(width = 4)]
 --> tests/ui/attr_path.rs:5:7
  |
5 |     #[fixed]
  |       ^^^^^
