error: fixcol-derive error: Expected value found end of input.
 --> tests/ui/attr_end_of_input.rs:5:31
  |
5 |     #[fixcol(width = 5, align =)]
  |                               ^
